// Jest Snapshot v1, https://goo.gl/fbAQLP

exports[`CardList component test suite expect to render CardList component 1`] = `<Fragment />`;
