// Jest Snapshot v1, https://goo.gl/fbAQLP

exports[`CounterButton component test suite expect to render CounterButton component 1`] = `
<button
  color="red"
  id="counter"
  onClick={[Function]}
>
  Count: 
  0
</button>
`;
