// Jest Snapshot v1, https://goo.gl/fbAQLP

exports[`Header component test suite expect to render Header component 1`] = `
<Fragment>
  <h1
    className="f1"
  >
    RoboFriends
  </h1>
</Fragment>
`;
